
> ver5@0.1.0 build
> next build

??Next.js 16.1.6 (Turbopack)

  Creating an optimized production build ...
??Compiled successfully in 10.6s
  Running TypeScript ...
  Collecting page data using 15 workers ...
  Generating static pages using 15 workers (0/4) ...
node.exe : The width(
-1) and height(-1) of
 chart should be grea
ter than 0,
위치 줄:1 문자:1
+ & "C:\Program Files
\nodejs/node.exe" "C:
\Program Files\nodejs
/node_mo ...
+ ~~~~~~~~~~~~~~~~~~~
~~~~~~~~~~~~~~~~~~~~~
~~~~~~~~~~~~~~~~~~~~~
~~~~~~~~
    + CategoryInfo   
           : NotSpe  
  cified: (The wid   
 th(-1) a...great    
er than 0,:Strin    g
) [], RemoteExc    ep
tion
    + FullyQualified 
   ErrorId : Native  
  CommandError
 
       please check t
he style of container
, or the props width(
100%) and height(100%
),
       or add a minWi
dth(0) or minHeight(u
ndefined) or use aspe
ct(undefined) to cont
rol the
       height and wid
th.
The width(-1) and hei
ght(-1) of chart shou
ld be greater than 0,
       please check t
he style of container
, or the props width(
100%) and height(100%
),
       or add a minWi
dth(0) or minHeight(u
ndefined) or use aspe
ct(undefined) to cont
rol the
       height and wid
th.
  Generating static pages using 15 workers (1/4) 
  Generating static pages using 15 workers (2/4) 
  Generating static pages using 15 workers (3/4) 
??Generating static pages using 15 workers (4/4) in 1307.9ms
  Finalizing page optimization ...

Route (app)
????/
????/_not-found


?? (Static)  prerendered as static content

